[dead-store] in dead_store.cairo:13:17
[dead-store] in dead_store.cairo:14:9
[dead-store] in dead_store.cairo:15:9
[dead-store] in dead_store.cairo:16:9
[dead-store] in dead_store.cairo:18:5
[dead-store] in dead_store.cairo:3:11
[dead-store] in dead_store.cairo:9:42
[uninitialized-variable] in dead_store.cairo:3:11
[unused-function] in dead_store.cairo:1:1