[arithmetic-add] in disable.cairo:111:25
[arithmetic-add] in disable.cairo:75:50
[arithmetic-mul] in disable.cairo:38:41
[arithmetic-mul] in disable.cairo:38:9
[arithmetic-mul] in disable.cairo:59:13
[arithmetic-mul] in disable.cairo:59:45
[arithmetic-mul] in disable.cairo:75:35
[arithmetic-mul] in disable.cairo:75:9
[arithmetic-sub] in disable.cairo:59:14
[dead-store] in disable.cairo:101:9
[dead-store] in disable.cairo:115:9
[dead-store] in disable.cairo:116:9
[dead-store] in disable.cairo:118:9
[unused-function] in disable.cairo:27:1
[unused-function] in disable.cairo:81:1
[unused-function] in disable.cairo:85:1
[unused-imports] in disable.cairo:4:66
[unused-imports] in disable.cairo:4:84
[unused-imports] in disable.cairo:5:63