[arithmetic-add] in disable.cairo:111:25
[arithmetic-add] in disable.cairo:75:50
[arithmetic-mul] in disable.cairo:38:41
[arithmetic-mul] in disable.cairo:38:9
[arithmetic-mul] in disable.cairo:59:13
[arithmetic-mul] in disable.cairo:59:45
[arithmetic-mul] in disable.cairo:75:35
[arithmetic-mul] in disable.cairo:75:9
[arithmetic-sub] in disable.cairo:59:14
[unused-function] in disable.cairo:27:1
[unused-function] in disable.cairo:81:1
[unused-function] in disable.cairo:85:1