[arithmetic-add] in disable.cairo:118:25
[arithmetic-add] in disable.cairo:73:50
[arithmetic-mul] in disable.cairo:38:41
[arithmetic-mul] in disable.cairo:38:9
[arithmetic-mul] in disable.cairo:58:13
[arithmetic-mul] in disable.cairo:58:45
[arithmetic-mul] in disable.cairo:73:35
[arithmetic-mul] in disable.cairo:73:9
[arithmetic-sub] in disable.cairo:58:14