[arithmetic-add] in main.cairo:7:29
[must-check-caller-address] in main.cairo:5:10
[unenforced-view] [This](0) function call modifies state but is called within [this](1) @view context. in main.cairo:14:5 and main.cairo:1:1
[unenforced-view] [This](0) function call modifies state but is called within [this](1) @view context. in main.cairo:20:5 and main.cairo:1:1
[unenforced-view] [This](0) function call modifies state but is called within [this](1) @view context. in main.cairo:21:5 and main.cairo:1:1
[unenforced-view] [This](0) function call modifies state but is called within [this](1) @view context. in main.cairo:7:5 and main.cairo:1:1
[unenforced-view] [This](0) function call modifies state but is called within [this](1) @view context. in main.cairo:8:5 and main.cairo:1:1