[arithmetic-add] in validate_limit_order.cairo:117:25
[arithmetic-add] in validate_limit_order.cairo:72:50
[arithmetic-mul] in validate_limit_order.cairo:37:41
[arithmetic-mul] in validate_limit_order.cairo:37:9
[arithmetic-mul] in validate_limit_order.cairo:57:13
[arithmetic-mul] in validate_limit_order.cairo:57:45
[arithmetic-mul] in validate_limit_order.cairo:72:35
[arithmetic-mul] in validate_limit_order.cairo:72:9
[arithmetic-sub] in validate_limit_order.cairo:57:14
[unused-arguments] in validate_limit_order.cairo:78:25
[unused-arguments] in validate_limit_order.cairo:93:9
[unused-function] in validate_limit_order.cairo:26:1
[unused-function] in validate_limit_order.cairo:78:1
[unused-function] in validate_limit_order.cairo:83:1
[unused-imports] in validate_limit_order.cairo:3:66
[unused-imports] in validate_limit_order.cairo:3:84
[unused-imports] in validate_limit_order.cairo:4:63