[arithmetic-add] in validate_limit_order.cairo:110:25
[arithmetic-add] in validate_limit_order.cairo:74:50
[arithmetic-mul] in validate_limit_order.cairo:37:41
[arithmetic-mul] in validate_limit_order.cairo:37:9
[arithmetic-mul] in validate_limit_order.cairo:58:13
[arithmetic-mul] in validate_limit_order.cairo:58:45
[arithmetic-mul] in validate_limit_order.cairo:74:35
[arithmetic-mul] in validate_limit_order.cairo:74:9
[arithmetic-sub] in validate_limit_order.cairo:58:14
[unused-function] in validate_limit_order.cairo:26:1
[unused-function] in validate_limit_order.cairo:80:1
[unused-function] in validate_limit_order.cairo:84:1
[unused-imports] in validate_limit_order.cairo:3:66
[unused-imports] in validate_limit_order.cairo:3:84
[unused-imports] in validate_limit_order.cairo:4:63